// Jest Snapshot v1, https://goo.gl/fbAQLP

exports[`matches snapshot 1`] = `
<DocumentFragment>
  <div>
    <h3>
      To Do List:
    </h3>
    <form
      class="new-todo-form"
    >
      <label
        for="todo"
      >
        Enter a task:
      </label>
      <input
        id="todo"
        name="todo"
        placeholder=""
        type="text"
        value=""
      />
      <button>
        Add!
      </button>
    </form>
    <ul />
  </div>
</DocumentFragment>
`;
